738 the
369 of
308 a
295 and
293 to
156 in
148 that
139 his
136 with
