4219 the
2146 and
2007 of
1373 to
1240 a
1008 in
779 was
671 that
528 it
520 with
