4588 the
2199 and
2033 of
1396 to
1285 a
1062 in
780 was
698 that
679 it
552 he
