826 the
385 of
335 a
313 and
299 to
176 he
171 in
170 you
163 that
152 his
