5416 the
2512 and
2418 of
1695 to
1620 a
1233 in
877 was
861 that
788 it
728 he
