4 testing
4 the
4 to
3 important
3 in
2 a
2 ad
2 hoc
1 ability
1 an
